ssh: connect to host github.com port 22: Undefined error: 0
fatal: Could not read from remote repository.

Please make sure you have the correct access rights
and the repository exists.
ssh: connect to host github.com port 22: Undefined error: 0
fatal: Could not read from remote repository.

Please make sure you have the correct access rights
and the repository exists.
ssh: connect to host github.com port 22: Undefined error: 0
fatal: Could not read from remote repository.

Please make sure you have the correct access rights
and the repository exists.
ssh: connect to host github.com port 22: Undefined error: 0
fatal: Could not read from remote repository.

Please make sure you have the correct access rights
and the repository exists.
Identity added: /Users/emmettyoung/.ssh/id_ed25519 (emmett_young@brown.edu)
Everything up-to-date
Identity added: /Users/emmettyoung/.ssh/id_ed25519 (emmett_young@brown.edu)
Everything up-to-date
Identity added: /Users/emmettyoung/.ssh/id_ed25519 (emmett_young@brown.edu)
Everything up-to-date
Identity added: /Users/emmettyoung/.ssh/id_ed25519 (emmett_young@brown.edu)
Everything up-to-date
Identity added: /Users/emmettyoung/.ssh/id_ed25519 (emmett_young@brown.edu)
Everything up-to-date
Identity added: /Users/emmettyoung/.ssh/id_ed25519 (emmett_young@brown.edu)
Everything up-to-date
Identity added: /Users/emmettyoung/.ssh/id_ed25519 (emmett_young@brown.edu)
Everything up-to-date
Identity added: /Users/emmettyoung/.ssh/id_ed25519 (emmett_young@brown.edu)
Everything up-to-date
Identity added: /Users/emmettyoung/.ssh/id_ed25519 (emmett_young@brown.edu)
Everything up-to-date
Identity added: /Users/emmettyoung/.ssh/id_ed25519 (emmett_young@brown.edu)
Everything up-to-date
Identity added: /Users/emmettyoung/.ssh/id_ed25519 (emmett_young@brown.edu)
ssh: connect to host github.com port 22: Undefined error: 0
fatal: Could not read from remote repository.

Please make sure you have the correct access rights
and the repository exists.
Identity added: /Users/emmettyoung/.ssh/id_ed25519 (emmett_young@brown.edu)
ssh: connect to host github.com port 22: Undefined error: 0
fatal: Could not read from remote repository.

Please make sure you have the correct access rights
and the repository exists.
Identity added: /Users/emmettyoung/.ssh/id_ed25519 (emmett_young@brown.edu)
ssh: connect to host github.com port 22: Undefined error: 0
fatal: Could not read from remote repository.

Please make sure you have the correct access rights
and the repository exists.
