On branch main
Your branch is up to date with 'origin/main'.

Untracked files:
  (use "git add <file>..." to include in what will be committed)
	commit_portfolio_updates.log
	commit_portfolio_updates.sh
	commit_portfolio_updates_error.log

nothing added to commit but untracked files present (use "git add" to track)
On branch main
Your branch is up to date with 'origin/main'.

Untracked files:
  (use "git add <file>..." to include in what will be committed)
	commit_portfolio_updates.log
	commit_portfolio_updates.sh
	commit_portfolio_updates_error.log

nothing added to commit but untracked files present (use "git add" to track)
On branch main
Your branch is up to date with 'origin/main'.

Untracked files:
  (use "git add <file>..." to include in what will be committed)
	commit_portfolio_updates.log
	commit_portfolio_updates.sh
	commit_portfolio_updates_error.log

nothing added to commit but untracked files present (use "git add" to track)
On branch main
Your branch is up to date with 'origin/main'.

Untracked files:
  (use "git add <file>..." to include in what will be committed)
	commit_portfolio_updates.log
	commit_portfolio_updates.sh
	commit_portfolio_updates_error.log

nothing added to commit but untracked files present (use "git add" to track)
Agent pid 75806
On branch main
Your branch is up to date with 'origin/main'.

Untracked files:
  (use "git add <file>..." to include in what will be committed)
	commit_portfolio_updates.log
	commit_portfolio_updates.sh
	commit_portfolio_updates_error.log

nothing added to commit but untracked files present (use "git add" to track)
Agent pid 77918
On branch main
Your branch is up to date with 'origin/main'.

Untracked files:
  (use "git add <file>..." to include in what will be committed)
	commit_portfolio_updates.log
	commit_portfolio_updates.sh
	commit_portfolio_updates_error.log

nothing added to commit but untracked files present (use "git add" to track)
Agent pid 80954
On branch main
Your branch is up to date with 'origin/main'.

Untracked files:
  (use "git add <file>..." to include in what will be committed)
	commit_portfolio_updates.log
	commit_portfolio_updates.sh
	commit_portfolio_updates_error.log

nothing added to commit but untracked files present (use "git add" to track)
Agent pid 84374
On branch main
Your branch is up to date with 'origin/main'.

Untracked files:
  (use "git add <file>..." to include in what will be committed)
	commit_portfolio_updates.log
	commit_portfolio_updates.sh
	commit_portfolio_updates_error.log

nothing added to commit but untracked files present (use "git add" to track)
Agent pid 87592
On branch main
Your branch is up to date with 'origin/main'.

Untracked files:
  (use "git add <file>..." to include in what will be committed)
	commit_portfolio_updates.log
	commit_portfolio_updates.sh
	commit_portfolio_updates_error.log

nothing added to commit but untracked files present (use "git add" to track)
Agent pid 96408
On branch main
Your branch is up to date with 'origin/main'.

Untracked files:
  (use "git add <file>..." to include in what will be committed)
	commit_portfolio_updates.log
	commit_portfolio_updates.sh
	commit_portfolio_updates_error.log

nothing added to commit but untracked files present (use "git add" to track)
Agent pid 98534
On branch main
Your branch is up to date with 'origin/main'.

Untracked files:
  (use "git add <file>..." to include in what will be committed)
	commit_portfolio_updates.log
	commit_portfolio_updates.sh
	commit_portfolio_updates_error.log

nothing added to commit but untracked files present (use "git add" to track)
Agent pid 936
On branch main
Your branch is up to date with 'origin/main'.

Untracked files:
  (use "git add <file>..." to include in what will be committed)
	commit_portfolio_updates.log
	commit_portfolio_updates.sh
	commit_portfolio_updates_error.log

nothing added to commit but untracked files present (use "git add" to track)
Agent pid 2295
On branch main
Your branch is up to date with 'origin/main'.

Untracked files:
  (use "git add <file>..." to include in what will be committed)
	commit_portfolio_updates.log
	commit_portfolio_updates.sh
	commit_portfolio_updates_error.log

nothing added to commit but untracked files present (use "git add" to track)
Agent pid 3895
On branch main
Your branch is up to date with 'origin/main'.

Untracked files:
  (use "git add <file>..." to include in what will be committed)
	commit_portfolio_updates.log
	commit_portfolio_updates.sh
	commit_portfolio_updates_error.log

nothing added to commit but untracked files present (use "git add" to track)
Agent pid 4952
On branch main
Your branch is up to date with 'origin/main'.

Untracked files:
  (use "git add <file>..." to include in what will be committed)
	commit_portfolio_updates.log
	commit_portfolio_updates.sh
	commit_portfolio_updates_error.log

nothing added to commit but untracked files present (use "git add" to track)
Agent pid 5648
On branch main
Your branch is up to date with 'origin/main'.

Untracked files:
  (use "git add <file>..." to include in what will be committed)
	commit_portfolio_updates.log
	commit_portfolio_updates.sh
	commit_portfolio_updates_error.log

nothing added to commit but untracked files present (use "git add" to track)
Agent pid 5891
[main 60bb106] Daily portfolio update - 2026-08-09
 1 file changed, 12 insertions(+)
